  Source.cpp
C:\Users\HP\source\repos\METAL_SLUG_OOP_PROJECT\Header.h(72,85): warning C4244: 'return': conversion from 'double' to 'float', possible loss of data
  (compiling source file 'Source.cpp')
  
C:\Users\HP\source\repos\METAL_SLUG_OOP_PROJECT\Header.h(1958,44): warning C4244: 'initializing': conversion from 'int' to 'float', possible loss of data
  (compiling source file 'Source.cpp')
  
C:\Users\HP\source\repos\METAL_SLUG_OOP_PROJECT\Header.h(2249,37): warning C4244: 'argument': conversion from 'int' to 'float', possible loss of data
  (compiling source file 'Source.cpp')
  
C:\Users\HP\source\repos\METAL_SLUG_OOP_PROJECT\Header.h(2263,89): warning C4305: 'argument': truncation from 'double' to 'float'
  (compiling source file 'Source.cpp')
  
C:\Users\HP\source\repos\METAL_SLUG_OOP_PROJECT\Header.h(2308,37): warning C4244: 'argument': conversion from 'int' to 'float', possible loss of data
  (compiling source file 'Source.cpp')
  
C:\Users\HP\source\repos\METAL_SLUG_OOP_PROJECT\Header.h(2313,79): warning C4244: 'argument': conversion from 'int' to 'float', possible loss of data
  (compiling source file 'Source.cpp')
  
C:\Users\HP\source\repos\METAL_SLUG_OOP_PROJECT\Header.h(2371,37): warning C4244: 'argument': conversion from 'int' to 'float', possible loss of data
  (compiling source file 'Source.cpp')
  
C:\Users\HP\source\repos\METAL_SLUG_OOP_PROJECT\Header.h(2449,60): warning C4244: 'argument': conversion from 'int' to 'float', possible loss of data
  (compiling source file 'Source.cpp')
  
C:\Users\HP\source\repos\METAL_SLUG_OOP_PROJECT\Header.h(2479,60): warning C4244: 'argument': conversion from 'int' to 'float', possible loss of data
  (compiling source file 'Source.cpp')
  
C:\Users\HP\source\repos\METAL_SLUG_OOP_PROJECT\Header.h(2692,220): warning C4244: 'argument': conversion from 'float' to 'int', possible loss of data
  (compiling source file 'Source.cpp')
  
C:\Users\HP\source\repos\METAL_SLUG_OOP_PROJECT\Header.h(2692,195): warning C4244: 'argument': conversion from 'float' to 'int', possible loss of data
  (compiling source file 'Source.cpp')
  
C:\Users\HP\source\repos\METAL_SLUG_OOP_PROJECT\Header.h(2692,131): warning C4244: 'argument': conversion from 'float' to 'int', possible loss of data
  (compiling source file 'Source.cpp')
  
C:\Users\HP\source\repos\METAL_SLUG_OOP_PROJECT\Header.h(2692,109): warning C4244: 'argument': conversion from 'float' to 'int', possible loss of data
  (compiling source file 'Source.cpp')
  
C:\Users\HP\source\repos\METAL_SLUG_OOP_PROJECT\Header.h(2957,201): warning C4244: 'argument': conversion from 'float' to 'int', possible loss of data
  (compiling source file 'Source.cpp')
  
C:\Users\HP\source\repos\METAL_SLUG_OOP_PROJECT\Header.h(2957,176): warning C4244: 'argument': conversion from 'float' to 'int', possible loss of data
  (compiling source file 'Source.cpp')
  
C:\Users\HP\source\repos\METAL_SLUG_OOP_PROJECT\Header.h(2957,112): warning C4244: 'argument': conversion from 'float' to 'int', possible loss of data
  (compiling source file 'Source.cpp')
  
C:\Users\HP\source\repos\METAL_SLUG_OOP_PROJECT\Header.h(2957,93): warning C4244: 'argument': conversion from 'float' to 'int', possible loss of data
  (compiling source file 'Source.cpp')
  
C:\Users\HP\source\repos\METAL_SLUG_OOP_PROJECT\Header.h(2958,212): warning C4244: 'argument': conversion from 'float' to 'int', possible loss of data
  (compiling source file 'Source.cpp')
  
C:\Users\HP\source\repos\METAL_SLUG_OOP_PROJECT\Header.h(2958,187): warning C4244: 'argument': conversion from 'float' to 'int', possible loss of data
  (compiling source file 'Source.cpp')
  
C:\Users\HP\source\repos\METAL_SLUG_OOP_PROJECT\Header.h(2958,123): warning C4244: 'argument': conversion from 'float' to 'int', possible loss of data
  (compiling source file 'Source.cpp')
  
C:\Users\HP\source\repos\METAL_SLUG_OOP_PROJECT\Header.h(2958,103): warning C4244: 'argument': conversion from 'float' to 'int', possible loss of data
  (compiling source file 'Source.cpp')
  
C:\Users\HP\source\repos\METAL_SLUG_OOP_PROJECT\Header.h(2959,224): warning C4244: 'argument': conversion from 'float' to 'int', possible loss of data
  (compiling source file 'Source.cpp')
  
C:\Users\HP\source\repos\METAL_SLUG_OOP_PROJECT\Header.h(2959,199): warning C4244: 'argument': conversion from 'float' to 'int', possible loss of data
  (compiling source file 'Source.cpp')
  
C:\Users\HP\source\repos\METAL_SLUG_OOP_PROJECT\Header.h(2959,135): warning C4244: 'argument': conversion from 'float' to 'int', possible loss of data
  (compiling source file 'Source.cpp')
  
C:\Users\HP\source\repos\METAL_SLUG_OOP_PROJECT\Header.h(2959,113): warning C4244: 'argument': conversion from 'float' to 'int', possible loss of data
  (compiling source file 'Source.cpp')
  
C:\Users\HP\source\repos\METAL_SLUG_OOP_PROJECT\Header.h(2960,242): warning C4244: 'argument': conversion from 'float' to 'int', possible loss of data
  (compiling source file 'Source.cpp')
  
C:\Users\HP\source\repos\METAL_SLUG_OOP_PROJECT\Header.h(2960,217): warning C4244: 'argument': conversion from 'float' to 'int', possible loss of data
  (compiling source file 'Source.cpp')
  
C:\Users\HP\source\repos\METAL_SLUG_OOP_PROJECT\Header.h(2960,153): warning C4244: 'argument': conversion from 'float' to 'int', possible loss of data
  (compiling source file 'Source.cpp')
  
C:\Users\HP\source\repos\METAL_SLUG_OOP_PROJECT\Header.h(2960,128): warning C4244: 'argument': conversion from 'float' to 'int', possible loss of data
  (compiling source file 'Source.cpp')
  
C:\Users\HP\source\repos\METAL_SLUG_OOP_PROJECT\Header.h(4125,52): warning C4244: 'argument': conversion from 'float' to 'T', possible loss of data
C:\Users\HP\source\repos\METAL_SLUG_OOP_PROJECT\Header.h(4125,52): warning C4244:         with
C:\Users\HP\source\repos\METAL_SLUG_OOP_PROJECT\Header.h(4125,52): warning C4244:         [
C:\Users\HP\source\repos\METAL_SLUG_OOP_PROJECT\Header.h(4125,52): warning C4244:             T=int
C:\Users\HP\source\repos\METAL_SLUG_OOP_PROJECT\Header.h(4125,52): warning C4244:         ]
  (compiling source file 'Source.cpp')
  
C:\Users\HP\source\repos\METAL_SLUG_OOP_PROJECT\Header.h(4317,52): warning C4244: 'argument': conversion from 'float' to 'T', possible loss of data
C:\Users\HP\source\repos\METAL_SLUG_OOP_PROJECT\Header.h(4317,52): warning C4244:         with
C:\Users\HP\source\repos\METAL_SLUG_OOP_PROJECT\Header.h(4317,52): warning C4244:         [
C:\Users\HP\source\repos\METAL_SLUG_OOP_PROJECT\Header.h(4317,52): warning C4244:             T=int
C:\Users\HP\source\repos\METAL_SLUG_OOP_PROJECT\Header.h(4317,52): warning C4244:         ]
  (compiling source file 'Source.cpp')
  
C:\Users\HP\source\repos\METAL_SLUG_OOP_PROJECT\Header.h(4842,52): warning C4244: 'argument': conversion from 'float' to 'T', possible loss of data
C:\Users\HP\source\repos\METAL_SLUG_OOP_PROJECT\Header.h(4842,52): warning C4244:         with
C:\Users\HP\source\repos\METAL_SLUG_OOP_PROJECT\Header.h(4842,52): warning C4244:         [
C:\Users\HP\source\repos\METAL_SLUG_OOP_PROJECT\Header.h(4842,52): warning C4244:             T=int
C:\Users\HP\source\repos\METAL_SLUG_OOP_PROJECT\Header.h(4842,52): warning C4244:         ]
  (compiling source file 'Source.cpp')
  
  METAL_SLUG_OOP_PROJECT.vcxproj -> C:\Users\HP\source\repos\METAL_SLUG_OOP_PROJECT\x64\Debug\METAL_SLUG_OOP_PROJECT.exe
